// Vitest Snapshot v1, https://vitest.dev/guide/snapshot.html

exports[`snapshot > app snapshot 1`] = `
{
  "asFragment": [Function],
  "baseElement": <body>
    <div>
      <div>
        <a
          href="https://vitejs.dev"
          target="_blank"
        >
          <img
            alt="Vite logo"
            class="logo"
            src="/vite.svg"
          />
        </a>
        <a
          href="https://react.dev"
          target="_blank"
        >
          <img
            alt="React logo"
            class="logo react pranay"
            src="/src/assets/react.svg"
          />
        </a>
      </div>
      <h1>
        Vite + React
      </h1>
      <button
        title="count is"
      >
        count is 
        0
      </button>
      <div>
        <button>
          Click
        </button>
        <h2 />
        <input
          name="username"
          placeholder="Name"
          readonly=""
          type="text"
          value=""
        />
      </div>
    </div>
  </body>,
  "container": <div>
    <div>
      <a
        href="https://vitejs.dev"
        target="_blank"
      >
        <img
          alt="Vite logo"
          class="logo"
          src="/vite.svg"
        />
      </a>
      <a
        href="https://react.dev"
        target="_blank"
      >
        <img
          alt="React logo"
          class="logo react pranay"
          src="/src/assets/react.svg"
        />
      </a>
    </div>
    <h1>
      Vite + React
    </h1>
    <button
      title="count is"
    >
      count is 
      0
    </button>
    <div>
      <button>
        Click
      </button>
      <h2 />
      <input
        name="username"
        placeholder="Name"
        readonly=""
        type="text"
        value=""
      />
    </div>
  </div>,
  "debug": [Function],
  "findAllByAltText": [Function],
  "findAllByDisplayValue": [Function],
  "findAllByLabelText": [Function],
  "findAllByPlaceholderText": [Function],
  "findAllByRole": [Function],
  "findAllByTestId": [Function],
  "findAllByText": [Function],
  "findAllByTitle": [Function],
  "findByAltText": [Function],
  "findByDisplayValue": [Function],
  "findByLabelText": [Function],
  "findByPlaceholderText": [Function],
  "findByRole": [Function],
  "findByTestId": [Function],
  "findByText": [Function],
  "findByTitle": [Function],
  "getAllByAltText": [Function],
  "getAllByDisplayValue": [Function],
  "getAllByLabelText": [Function],
  "getAllByPlaceholderText": [Function],
  "getAllByRole": [Function],
  "getAllByTestId": [Function],
  "getAllByText": [Function],
  "getAllByTitle": [Function],
  "getByAltText": [Function],
  "getByDisplayValue": [Function],
  "getByLabelText": [Function],
  "getByPlaceholderText": [Function],
  "getByRole": [Function],
  "getByTestId": [Function],
  "getByText": [Function],
  "getByTitle": [Function],
  "queryAllByAltText": [Function],
  "queryAllByDisplayValue": [Function],
  "queryAllByLabelText": [Function],
  "queryAllByPlaceholderText": [Function],
  "queryAllByRole": [Function],
  "queryAllByTestId": [Function],
  "queryAllByText": [Function],
  "queryAllByTitle": [Function],
  "queryByAltText": [Function],
  "queryByDisplayValue": [Function],
  "queryByLabelText": [Function],
  "queryByPlaceholderText": [Function],
  "queryByRole": [Function],
  "queryByTestId": [Function],
  "queryByText": [Function],
  "queryByTitle": [Function],
  "rerender": [Function],
  "unmount": [Function],
}
`;
